
single positional indexer is out-of-bounds
single positional indexer is out-of-bounds
single positional indexer is out-of-bounds
single positional indexer is out-of-bounds
single positional indexer is out-of-bounds
single positional indexer is out-of-bounds
single positional indexer is out-of-bounds
single positional indexer is out-of-bounds
single positional indexer is out-of-bounds
An error occurred (NoSuchKey) when calling the GetObject operation: The specified key does not exist.
single positional indexer is out-of-bounds
single positional indexer is out-of-bounds
An error occurred (NoSuchKey) when calling the GetObject operation: The specified key does not exist.
An error occurred (NoSuchKey) when calling the GetObject operation: The specified key does not exist.
An error occurred (NoSuchKey) when calling the GetObject operation: The specified key does not exist.
An error occurred (NoSuchKey) when calling the GetObject operation: The specified key does not exist.
An error occurred (NoSuchKey) when calling the GetObject operation: The specified key does not exist.
An error occurred (NoSuchKey) when calling the GetObject operation: The specified key does not exist.
An error occurred (NoSuchKey) when calling the GetObject operation: The specified key does not exist.
An error occurred (NoSuchKey) when calling the GetObject operation: The specified key does not exist.
single positional indexer is out-of-bounds
single positional indexer is out-of-bounds
single positional indexer is out-of-bounds
single positional indexer is out-of-bounds
single positional indexer is out-of-bounds
single positional indexer is out-of-bounds
single positional indexer is out-of-bounds
An error occurred (NoSuchKey) when calling the GetObject operation: The specified key does not exist.
An error occurred (NoSuchKey) when calling the GetObject operation: The specified key does not exist.
An error occurred (NoSuchKey) when calling the GetObject operation: The specified key does not exist.
An error occurred (NoSuchKey) when calling the GetObject operation: The specified key does not exist.
An error occurred (NoSuchKey) when calling the GetObject operation: The specified key does not exist.
An error occurred (NoSuchKey) when calling the GetObject operation: The specified key does not exist.
An error occurred (NoSuchKey) when calling the GetObject operation: The specified key does not exist.
An error occurred (NoSuchKey) when calling the GetObject operation: The specified key does not exist.
An error occurred (NoSuchKey) when calling the GetObject operation: The specified key does not exist.
An error occurred (NoSuchKey) when calling the GetObject operation: The specified key does not exist.
An error occurred (NoSuchKey) when calling the GetObject operation: The specified key does not exist.
An error occurred (NoSuchKey) when calling the GetObject operation: The specified key does not exist.
An error occurred (NoSuchKey) when calling the GetObject operation: The specified key does not exist.
An error occurred (NoSuchKey) when calling the GetObject operation: The specified key does not exist.
An error occurred (NoSuchKey) when calling the GetObject operation: The specified key does not exist.
An error occurred (NoSuchKey) when calling the GetObject operation: The specified key does not exist.
An error occurred (NoSuchKey) when calling the GetObject operation: The specified key does not exist.
An error occurred (NoSuchKey) when calling the GetObject operation: The specified key does not exist.
An error occurred (NoSuchKey) when calling the GetObject operation: The specified key does not exist.
An error occurred (NoSuchKey) when calling the GetObject operation: The specified key does not exist.
An error occurred (NoSuchKey) when calling the GetObject operation: The specified key does not exist.
An error occurred (NoSuchKey) when calling the GetObject operation: The specified key does not exist.
single positional indexer is out-of-bounds
single positional indexer is out-of-bounds
single positional indexer is out-of-bounds
An error occurred (NoSuchKey) when calling the GetObject operation: The specified key does not exist.
An error occurred (NoSuchKey) when calling the GetObject operation: The specified key does not exist.
An error occurred (NoSuchKey) when calling the GetObject operation: The specified key does not exist.
An error occurred (NoSuchKey) when calling the GetObject operation: The specified key does not exist.
An error occurred (NoSuchKey) when calling the GetObject operation: The specified key does not exist.
An error occurred (NoSuchKey) when calling the GetObject operation: The specified key does not exist.
An error occurred (NoSuchKey) when calling the GetObject operation: The specified key does not exist.
An error occurred (NoSuchKey) when calling the GetObject operation: The specified key does not exist.
An error occurred (NoSuchKey) when calling the GetObject operation: The specified key does not exist.
An error occurred (NoSuchKey) when calling the GetObject operation: The specified key does not exist.
An error occurred (NoSuchKey) when calling the GetObject operation: The specified key does not exist.
An error occurred (NoSuchKey) when calling the GetObject operation: The specified key does not exist.
single positional indexer is out-of-bounds
single positional indexer is out-of-bounds
single positional indexer is out-of-bounds
An error occurred (NoSuchKey) when calling the GetObject operation: The specified key does not exist.
An error occurred (NoSuchKey) when calling the GetObject operation: The specified key does not exist.
An error occurred (NoSuchKey) when calling the GetObject operation: The specified key does not exist.
An error occurred (NoSuchKey) when calling the GetObject operation: The specified key does not exist.
An error occurred (NoSuchKey) when calling the GetObject operation: The specified key does not exist.
An error occurred (NoSuchKey) when calling the GetObject operation: The specified key does not exist.
An error occurred (NoSuchKey) when calling the GetObject operation: The specified key does not exist.
An error occurred (NoSuchKey) when calling the GetObject operation: The specified key does not exist.
An error occurred (NoSuchKey) when calling the GetObject operation: The specified key does not exist.
An error occurred (NoSuchKey) when calling the GetObject operation: The specified key does not exist.
An error occurred (NoSuchKey) when calling the GetObject operation: The specified key does not exist.
An error occurred (NoSuchKey) when calling the GetObject operation: The specified key does not exist.
An error occurred (NoSuchKey) when calling the GetObject operation: The specified key does not exist.
An error occurred (NoSuchKey) when calling the GetObject operation: The specified key does not exist.
An error occurred (NoSuchKey) when calling the GetObject operation: The specified key does not exist.
An error occurred (NoSuchKey) when calling the GetObject operation: The specified key does not exist.
An error occurred (NoSuchKey) when calling the GetObject operation: The specified key does not exist.
An error occurred (NoSuchKey) when calling the GetObject operation: The specified key does not exist.
An error occurred (NoSuchKey) when calling the GetObject operation: The specified key does not exist.
An error occurred (NoSuchKey) when calling the GetObject operation: The specified key does not exist.
An error occurred (NoSuchKey) when calling the GetObject operation: The specified key does not exist.
An error occurred (NoSuchKey) when calling the GetObject operation: The specified key does not exist.
An error occurred (NoSuchKey) when calling the GetObject operation: The specified key does not exist.
An error occurred (NoSuchKey) when calling the GetObject operation: The specified key does not exist.
An error occurred (NoSuchKey) when calling the GetObject operation: The specified key does not exist.
An error occurred (NoSuchKey) when calling the GetObject operation: The specified key does not exist.
An error occurred (NoSuchKey) when calling the GetObject operation: The specified key does not exist.
An error occurred (NoSuchKey) when calling the GetObject operation: The specified key does not exist.
An error occurred (NoSuchKey) when calling the GetObject operation: The specified key does not exist.
single positional indexer is out-of-bounds
An error occurred (NoSuchKey) when calling the GetObject operation: The specified key does not exist.
An error occurred (NoSuchKey) when calling the GetObject operation: The specified key does not exist.
An error occurred (NoSuchKey) when calling the GetObject operation: The specified key does not exist.
An error occurred (NoSuchKey) when calling the GetObject operation: The specified key does not exist.
An error occurred (NoSuchKey) when calling the GetObject operation: The specified key does not exist.
An error occurred (NoSuchKey) when calling the GetObject operation: The specified key does not exist.
An error occurred (NoSuchKey) when calling the GetObject operation: The specified key does not exist.
An error occurred (NoSuchKey) when calling the GetObject operation: The specified key does not exist.
single positional indexer is out-of-bounds
An error occurred (NoSuchKey) when calling the GetObject operation: The specified key does not exist.
single positional indexer is out-of-bounds
An error occurred (NoSuchKey) when calling the GetObject operation: The specified key does not exist.
An error occurred (NoSuchKey) when calling the GetObject operation: The specified key does not exist.
An error occurred (NoSuchKey) when calling the GetObject operation: The specified key does not exist.
An error occurred (NoSuchKey) when calling the GetObject operation: The specified key does not exist.
An error occurred (NoSuchKey) when calling the GetObject operation: The specified key does not exist.
An error occurred (NoSuchKey) when calling the GetObject operation: The specified key does not exist.
An error occurred (NoSuchKey) when calling the GetObject operation: The specified key does not exist.
An error occurred (NoSuchKey) when calling the GetObject operation: The specified key does not exist.
An error occurred (NoSuchKey) when calling the GetObject operation: The specified key does not exist.
An error occurred (NoSuchKey) when calling the GetObject operation: The specified key does not exist.
An error occurred (NoSuchKey) when calling the GetObject operation: The specified key does not exist.
An error occurred (NoSuchKey) when calling the GetObject operation: The specified key does not exist.
An error occurred (NoSuchKey) when calling the GetObject operation: The specified key does not exist.
An error occurred (NoSuchKey) when calling the GetObject operation: The specified key does not exist.
An error occurred (NoSuchKey) when calling the GetObject operation: The specified key does not exist.
An error occurred (NoSuchKey) when calling the GetObject operation: The specified key does not exist.
An error occurred (NoSuchKey) when calling the GetObject operation: The specified key does not exist.
An error occurred (NoSuchKey) when calling the GetObject operation: The specified key does not exist.
An error occurred (NoSuchKey) when calling the GetObject operation: The specified key does not exist.
An error occurred (NoSuchKey) when calling the GetObject operation: The specified key does not exist.
An error occurred (NoSuchKey) when calling the GetObject operation: The specified key does not exist.
An error occurred (NoSuchKey) when calling the GetObject operation: The specified key does not exist.
An error occurred (NoSuchKey) when calling the GetObject operation: The specified key does not exist.
An error occurred (NoSuchKey) when calling the GetObject operation: The specified key does not exist.
An error occurred (NoSuchKey) when calling the GetObject operation: The specified key does not exist.
An error occurred (NoSuchKey) when calling the GetObject operation: The specified key does not exist.
An error occurred (NoSuchKey) when calling the GetObject operation: The specified key does not exist.
An error occurred (NoSuchKey) when calling the GetObject operation: The specified key does not exist.
An error occurred (NoSuchKey) when calling the GetObject operation: The specified key does not exist.
An error occurred (NoSuchKey) when calling the GetObject operation: The specified key does not exist.
An error occurred (NoSuchKey) when calling the GetObject operation: The specified key does not exist.
An error occurred (NoSuchKey) when calling the GetObject operation: The specified key does not exist.
An error occurred (NoSuchKey) when calling the GetObject operation: The specified key does not exist.
An error occurred (NoSuchKey) when calling the GetObject operation: The specified key does not exist.
An error occurred (NoSuchKey) when calling the GetObject operation: The specified key does not exist.
An error occurred (NoSuchKey) when calling the GetObject operation: The specified key does not exist.
An error occurred (NoSuchKey) when calling the GetObject operation: The specified key does not exist.
An error occurred (NoSuchKey) when calling the GetObject operation: The specified key does not exist.
An error occurred (NoSuchKey) when calling the GetObject operation: The specified key does not exist.
An error occurred (NoSuchKey) when calling the GetObject operation: The specified key does not exist.
An error occurred (NoSuchKey) when calling the GetObject operation: The specified key does not exist.
An error occurred (NoSuchKey) when calling the GetObject operation: The specified key does not exist.
An error occurred (NoSuchKey) when calling the GetObject operation: The specified key does not exist.
An error occurred (NoSuchKey) when calling the GetObject operation: The specified key does not exist.
An error occurred (NoSuchKey) when calling the GetObject operation: The specified key does not exist.
An error occurred (NoSuchKey) when calling the GetObject operation: The specified key does not exist.
single positional indexer is out-of-bounds
An error occurred (NoSuchKey) when calling the GetObject operation: The specified key does not exist.
An error occurred (NoSuchKey) when calling the GetObject operation: The specified key does not exist.
An error occurred (NoSuchKey) when calling the GetObject operation: The specified key does not exist.
An error occurred (NoSuchKey) when calling the GetObject operation: The specified key does not exist.
An error occurred (NoSuchKey) when calling the GetObject operation: The specified key does not exist.
An error occurred (NoSuchKey) when calling the GetObject operation: The specified key does not exist.
An error occurred (NoSuchKey) when calling the GetObject operation: The specified key does not exist.
An error occurred (NoSuchKey) when calling the GetObject operation: The specified key does not exist.
An error occurred (NoSuchKey) when calling the GetObject operation: The specified key does not exist.
An error occurred (NoSuchKey) when calling the GetObject operation: The specified key does not exist.
An error occurred (NoSuchKey) when calling the GetObject operation: The specified key does not exist.
An error occurred (NoSuchKey) when calling the GetObject operation: The specified key does not exist.
An error occurred (NoSuchKey) when calling the GetObject operation: The specified key does not exist.
An error occurred (NoSuchKey) when calling the GetObject operation: The specified key does not exist.
An error occurred (NoSuchKey) when calling the GetObject operation: The specified key does not exist.
An error occurred (NoSuchKey) when calling the GetObject operation: The specified key does not exist.
An error occurred (NoSuchKey) when calling the GetObject operation: The specified key does not exist.
An error occurred (NoSuchKey) when calling the GetObject operation: The specified key does not exist.
An error occurred (NoSuchKey) when calling the GetObject operation: The specified key does not exist.
An error occurred (NoSuchKey) when calling the GetObject operation: The specified key does not exist.
An error occurred (NoSuchKey) when calling the GetObject operation: The specified key does not exist.
An error occurred (NoSuchKey) when calling the GetObject operation: The specified key does not exist.
An error occurred (NoSuchKey) when calling the GetObject operation: The specified key does not exist.
An error occurred (NoSuchKey) when calling the GetObject operation: The specified key does not exist.
An error occurred (NoSuchKey) when calling the GetObject operation: The specified key does not exist.
An error occurred (NoSuchKey) when calling the GetObject operation: The specified key does not exist.
An error occurred (NoSuchKey) when calling the GetObject operation: The specified key does not exist.
An error occurred (NoSuchKey) when calling the GetObject operation: The specified key does not exist.
An error occurred (NoSuchKey) when calling the GetObject operation: The specified key does not exist.
An error occurred (NoSuchKey) when calling the GetObject operation: The specified key does not exist.
An error occurred (NoSuchKey) when calling the GetObject operation: The specified key does not exist.
An error occurred (NoSuchKey) when calling the GetObject operation: The specified key does not exist.
An error occurred (NoSuchKey) when calling the GetObject operation: The specified key does not exist.
An error occurred (NoSuchKey) when calling the GetObject operation: The specified key does not exist.
An error occurred (NoSuchKey) when calling the GetObject operation: The specified key does not exist.
An error occurred (NoSuchKey) when calling the GetObject operation: The specified key does not exist.
An error occurred (NoSuchKey) when calling the GetObject operation: The specified key does not exist.
An error occurred (NoSuchKey) when calling the GetObject operation: The specified key does not exist.
An error occurred (NoSuchKey) when calling the GetObject operation: The specified key does not exist.
An error occurred (NoSuchKey) when calling the GetObject operation: The specified key does not exist.
An error occurred (NoSuchKey) when calling the GetObject operation: The specified key does not exist.
An error occurred (NoSuchKey) when calling the GetObject operation: The specified key does not exist.
An error occurred (NoSuchKey) when calling the GetObject operation: The specified key does not exist.
An error occurred (NoSuchKey) when calling the GetObject operation: The specified key does not exist.
An error occurred (NoSuchKey) when calling the GetObject operation: The specified key does not exist.
An error occurred (NoSuchKey) when calling the GetObject operation: The specified key does not exist.
An error occurred (NoSuchKey) when calling the GetObject operation: The specified key does not exist.
An error occurred (NoSuchKey) when calling the GetObject operation: The specified key does not exist.
An error occurred (NoSuchKey) when calling the GetObject operation: The specified key does not exist.
An error occurred (NoSuchKey) when calling the GetObject operation: The specified key does not exist.
An error occurred (NoSuchKey) when calling the GetObject operation: The specified key does not exist.
An error occurred (NoSuchKey) when calling the GetObject operation: The specified key does not exist.
An error occurred (NoSuchKey) when calling the GetObject operation: The specified key does not exist.
An error occurred (NoSuchKey) when calling the GetObject operation: The specified key does not exist.
An error occurred (NoSuchKey) when calling the GetObject operation: The specified key does not exist.
An error occurred (NoSuchKey) when calling the GetObject operation: The specified key does not exist.
An error occurred (NoSuchKey) when calling the GetObject operation: The specified key does not exist.
An error occurred (NoSuchKey) when calling the GetObject operation: The specified key does not exist.
single positional indexer is out-of-bounds
single positional indexer is out-of-bounds
single positional indexer is out-of-bounds
single positional indexer is out-of-bounds
An error occurred (NoSuchKey) when calling the GetObject operation: The specified key does not exist.
An error occurred (NoSuchKey) when calling the GetObject operation: The specified key does not exist.
An error occurred (NoSuchKey) when calling the GetObject operation: The specified key does not exist.
An error occurred (NoSuchKey) when calling the GetObject operation: The specified key does not exist.
An error occurred (NoSuchKey) when calling the GetObject operation: The specified key does not exist.
An error occurred (NoSuchKey) when calling the GetObject operation: The specified key does not exist.
An error occurred (NoSuchKey) when calling the GetObject operation: The specified key does not exist.
An error occurred (NoSuchKey) when calling the GetObject operation: The specified key does not exist.
An error occurred (NoSuchKey) when calling the GetObject operation: The specified key does not exist.
An error occurred (NoSuchKey) when calling the GetObject operation: The specified key does not exist.
An error occurred (NoSuchKey) when calling the GetObject operation: The specified key does not exist.
An error occurred (NoSuchKey) when calling the GetObject operation: The specified key does not exist.
single positional indexer is out-of-bounds
single positional indexer is out-of-bounds
single positional indexer is out-of-bounds
single positional indexer is out-of-bounds
single positional indexer is out-of-bounds
single positional indexer is out-of-bounds
single positional indexer is out-of-bounds
single positional indexer is out-of-bounds
single positional indexer is out-of-bounds
single positional indexer is out-of-bounds
single positional indexer is out-of-bounds
single positional indexer is out-of-bounds
single positional indexer is out-of-bounds
single positional indexer is out-of-bounds
single positional indexer is out-of-bounds
single positional indexer is out-of-bounds
single positional indexer is out-of-bounds
single positional indexer is out-of-bounds
single positional indexer is out-of-bounds
single positional indexer is out-of-bounds
single positional indexer is out-of-bounds
single positional indexer is out-of-bounds
single positional indexer is out-of-bounds
single positional indexer is out-of-bounds
single positional indexer is out-of-bounds
single positional indexer is out-of-bounds
single positional indexer is out-of-bounds
single positional indexer is out-of-bounds
single positional indexer is out-of-bounds
single positional indexer is out-of-bounds
single positional indexer is out-of-bounds
single positional indexer is out-of-bounds
single positional indexer is out-of-bounds
single positional indexer is out-of-bounds
single positional indexer is out-of-bounds
single positional indexer is out-of-bounds
single positional indexer is out-of-bounds
single positional indexer is out-of-bounds
single positional indexer is out-of-bounds
single positional indexer is out-of-bounds
single positional indexer is out-of-bounds
single positional indexer is out-of-bounds
single positional indexer is out-of-bounds
single positional indexer is out-of-bounds
single positional indexer is out-of-bounds
single positional indexer is out-of-bounds
single positional indexer is out-of-bounds
single positional indexer is out-of-bounds
single positional indexer is out-of-bounds
single positional indexer is out-of-bounds
single positional indexer is out-of-bounds
single positional indexer is out-of-bounds
single positional indexer is out-of-bounds
single positional indexer is out-of-bounds
single positional indexer is out-of-bounds
single positional indexer is out-of-bounds
single positional indexer is out-of-bounds
single positional indexer is out-of-bounds
single positional indexer is out-of-bounds
single positional indexer is out-of-bounds
single positional indexer is out-of-bounds
single positional indexer is out-of-bounds
single positional indexer is out-of-bounds
single positional indexer is out-of-bounds
single positional indexer is out-of-bounds
single positional indexer is out-of-bounds
single positional indexer is out-of-bounds
single positional indexer is out-of-bounds
single positional indexer is out-of-bounds
single positional indexer is out-of-bounds
single positional indexer is out-of-bounds
single positional indexer is out-of-bounds
single positional indexer is out-of-bounds
single positional indexer is out-of-bounds
single positional indexer is out-of-bounds
single positional indexer is out-of-bounds
single positional indexer is out-of-bounds
single positional indexer is out-of-bounds
single positional indexer is out-of-bounds
single positional indexer is out-of-bounds
single positional indexer is out-of-bounds
single positional indexer is out-of-bounds
single positional indexer is out-of-bounds
single positional indexer is out-of-bounds
single positional indexer is out-of-bounds
single positional indexer is out-of-bounds
single positional indexer is out-of-bounds
single positional indexer is out-of-bounds
single positional indexer is out-of-bounds
single positional indexer is out-of-bounds
An error occurred (NoSuchKey) when calling the GetObject operation: The specified key does not exist.
single positional indexer is out-of-bounds
An error occurred (NoSuchKey) when calling the GetObject operation: The specified key does not exist.
single positional indexer is out-of-bounds
single positional indexer is out-of-bounds
An error occurred (NoSuchKey) when calling the GetObject operation: The specified key does not exist.
An error occurred (NoSuchKey) when calling the GetObject operation: The specified key does not exist.
An error occurred (NoSuchKey) when calling the GetObject operation: The specified key does not exist.
An error occurred (NoSuchKey) when calling the GetObject operation: The specified key does not exist.
An error occurred (NoSuchKey) when calling the GetObject operation: The specified key does not exist.
An error occurred (NoSuchKey) when calling the GetObject operation: The specified key does not exist.
single positional indexer is out-of-bounds
single positional indexer is out-of-bounds
single positional indexer is out-of-bounds
An error occurred (NoSuchKey) when calling the GetObject operation: The specified key does not exist.
An error occurred (NoSuchKey) when calling the GetObject operation: The specified key does not exist.
An error occurred (NoSuchKey) when calling the GetObject operation: The specified key does not exist.
An error occurred (NoSuchKey) when calling the GetObject operation: The specified key does not exist.
single positional indexer is out-of-bounds
single positional indexer is out-of-bounds
An error occurred (NoSuchKey) when calling the GetObject operation: The specified key does not exist.
An error occurred (NoSuchKey) when calling the GetObject operation: The specified key does not exist.
An error occurred (NoSuchKey) when calling the GetObject operation: The specified key does not exist.
An error occurred (NoSuchKey) when calling the GetObject operation: The specified key does not exist.
An error occurred (NoSuchKey) when calling the GetObject operation: The specified key does not exist.
An error occurred (NoSuchKey) when calling the GetObject operation: The specified key does not exist.
An error occurred (NoSuchKey) when calling the GetObject operation: The specified key does not exist.
An error occurred (NoSuchKey) when calling the GetObject operation: The specified key does not exist.
An error occurred (NoSuchKey) when calling the GetObject operation: The specified key does not exist.
An error occurred (NoSuchKey) when calling the GetObject operation: The specified key does not exist.
An error occurred (NoSuchKey) when calling the GetObject operation: The specified key does not exist.
An error occurred (NoSuchKey) when calling the GetObject operation: The specified key does not exist.
An error occurred (NoSuchKey) when calling the GetObject operation: The specified key does not exist.
An error occurred (NoSuchKey) when calling the GetObject operation: The specified key does not exist.
An error occurred (NoSuchKey) when calling the GetObject operation: The specified key does not exist.
single positional indexer is out-of-bounds
single positional indexer is out-of-bounds
An error occurred (NoSuchKey) when calling the GetObject operation: The specified key does not exist.
single positional indexer is out-of-bounds
An error occurred (NoSuchKey) when calling the GetObject operation: The specified key does not exist.
An error occurred (NoSuchKey) when calling the GetObject operation: The specified key does not exist.
An error occurred (NoSuchKey) when calling the GetObject operation: The specified key does not exist.
single positional indexer is out-of-bounds
single positional indexer is out-of-bounds
An error occurred (NoSuchKey) when calling the GetObject operation: The specified key does not exist.
An error occurred (NoSuchKey) when calling the GetObject operation: The specified key does not exist.
An error occurred (NoSuchKey) when calling the GetObject operation: The specified key does not exist.
An error occurred (NoSuchKey) when calling the GetObject operation: The specified key does not exist.
An error occurred (NoSuchKey) when calling the GetObject operation: The specified key does not exist.
An error occurred (NoSuchKey) when calling the GetObject operation: The specified key does not exist.
An error occurred (NoSuchKey) when calling the GetObject operation: The specified key does not exist.
An error occurred (NoSuchKey) when calling the GetObject operation: The specified key does not exist.
An error occurred (NoSuchKey) when calling the GetObject operation: The specified key does not exist.
An error occurred (NoSuchKey) when calling the GetObject operation: The specified key does not exist.
An error occurred (NoSuchKey) when calling the GetObject operation: The specified key does not exist.
An error occurred (NoSuchKey) when calling the GetObject operation: The specified key does not exist.
An error occurred (NoSuchKey) when calling the GetObject operation: The specified key does not exist.
An error occurred (NoSuchKey) when calling the GetObject operation: The specified key does not exist.
An error occurred (NoSuchKey) when calling the GetObject operation: The specified key does not exist.
An error occurred (NoSuchKey) when calling the GetObject operation: The specified key does not exist.
An error occurred (NoSuchKey) when calling the GetObject operation: The specified key does not exist.
An error occurred (NoSuchKey) when calling the GetObject operation: The specified key does not exist.
An error occurred (NoSuchKey) when calling the GetObject operation: The specified key does not exist.
An error occurred (NoSuchKey) when calling the GetObject operation: The specified key does not exist.
An error occurred (NoSuchKey) when calling the GetObject operation: The specified key does not exist.
An error occurred (NoSuchKey) when calling the GetObject operation: The specified key does not exist.
An error occurred (NoSuchKey) when calling the GetObject operation: The specified key does not exist.
An error occurred (NoSuchKey) when calling the GetObject operation: The specified key does not exist.
An error occurred (NoSuchKey) when calling the GetObject operation: The specified key does not exist.
An error occurred (NoSuchKey) when calling the GetObject operation: The specified key does not exist.
An error occurred (NoSuchKey) when calling the GetObject operation: The specified key does not exist.
An error occurred (NoSuchKey) when calling the GetObject operation: The specified key does not exist.
An error occurred (NoSuchKey) when calling the GetObject operation: The specified key does not exist.
An error occurred (NoSuchKey) when calling the GetObject operation: The specified key does not exist.
An error occurred (NoSuchKey) when calling the GetObject operation: The specified key does not exist.
An error occurred (NoSuchKey) when calling the GetObject operation: The specified key does not exist.
An error occurred (NoSuchKey) when calling the GetObject operation: The specified key does not exist.
An error occurred (NoSuchKey) when calling the GetObject operation: The specified key does not exist.
An error occurred (NoSuchKey) when calling the GetObject operation: The specified key does not exist.
An error occurred (NoSuchKey) when calling the GetObject operation: The specified key does not exist.
An error occurred (NoSuchKey) when calling the GetObject operation: The specified key does not exist.
An error occurred (NoSuchKey) when calling the GetObject operation: The specified key does not exist.
An error occurred (NoSuchKey) when calling the GetObject operation: The specified key does not exist.
An error occurred (NoSuchKey) when calling the GetObject operation: The specified key does not exist.
